
> react-typescript-starter@0.1.0 test
> react-scripts test

Browserslist: caniuse-lite is outdated. Please run:
  npx browserslist@latest --update-db
  Why you should do it regularly: https://github.com/browserslist/browserslist#browsers-data-updating
PASS src/App.test.tsx
  App tests
    ✓ renders the header somewhere (69 ms)

-----------------------|---------|----------|---------|---------|-------------------
File                   | % Stmts | % Branch | % Funcs | % Lines | Uncovered Line #s 
-----------------------|---------|----------|---------|---------|-------------------
All files              |      50 |    57.14 |      45 |      50 |                   
 src                   |    62.5 |    57.14 |   57.14 |    62.5 |                   
  App.tsx              |     100 |      100 |     100 |     100 |                   
  NavBar.tsx           |      60 |    57.14 |   53.84 |      60 | 21,30,39,48,57,66 
 src/pages             |   16.66 |      100 |   16.66 |   16.66 |                   
  AboutPage.tsx        |       0 |      100 |       0 |       0 | 4                 
  ContactPage.tsx      |       0 |      100 |       0 |       0 | 4                 
  FutureEventsPage.tsx |       0 |      100 |       0 |       0 | 4                 
  HomePage.tsx         |     100 |      100 |     100 |     100 |                   
  JoinPage.tsx         |       0 |      100 |       0 |       0 | 4                 
  PastEventsPage.tsx   |       0 |      100 |       0 |       0 | 4                 
-----------------------|---------|----------|---------|---------|-------------------
Test Suites: 1 passed, 1 total
Tests:       1 passed, 1 total
Snapshots:   0 total
Time:        2.031 s
Ran all test suites.
